<html>
<body>
<pre>
<h1>µVision Build Log</h1>
<h2>Project:</h2>
E:\v23be2p14\c\ARM kiel\spi\spiProject.uvproj
Project File Date:  01/13/2024

<h2>Output:</h2>
Build target 'Target 1'
compiling main.c...
main.c(34): warning:  #167-D: argument of type "char *" is incompatible with parameter of type "unsigned char *"
main.c(40): warning:  #167-D: argument of type "char *" is incompatible with parameter of type "unsigned char *"
main.c(105): warning:  #1-D: last line of file ends without a newline
compiling LCD_driver.c...
linking...
spiProject.axf: Error: L6218E: Undefined symbol lcdString (referred from main.o).
spiProject.axf: Error: L6218E: Undefined symbol lcdcmd (referred from main.o).
spiProject.axf: Error: L6218E: Undefined symbol lcdinit (referred from main.o).
spiProject.axf: Error: L6218E: Undefined symbol delay_mSec (referred from lcd_driver.o).
Target not created
Build target 'Target 1'
compiling lcddriver.c...
linking...
Program Size: Code=5032 RO-data=92 RW-data=16 ZI-data=1256  
FromELF: creating hex file...
"spiProject.axf" - 0 Error(s), 0 Warning(s).
Build target 'Target 1'
compiling lcddriver.c...
compiling main.c...
main.c(34): warning:  #167-D: argument of type "char *" is incompatible with parameter of type "unsigned char *"
main.c(40): warning:  #167-D: argument of type "char *" is incompatible with parameter of type "unsigned char *"
main.c(105): warning:  #1-D: last line of file ends without a newline
linking...
Program Size: Code=5416 RO-data=92 RW-data=24 ZI-data=1256  
FromELF: creating hex file...
"spiProject.axf" - 0 Error(s), 3 Warning(s).
Build target 'Target 1'
compiling lcddriver.c...
compiling main.c...
main.c(34): warning:  #167-D: argument of type "char *" is incompatible with parameter of type "unsigned char *"
main.c(40): warning:  #167-D: argument of type "char *" is incompatible with parameter of type "unsigned char *"
main.c(105): warning:  #1-D: last line of file ends without a newline
linking...
Program Size: Code=5032 RO-data=92 RW-data=16 ZI-data=1256  
FromELF: creating hex file...
"spiProject.axf" - 0 Error(s), 3 Warning(s).
Build target 'Target 1'
compiling lcddriver.c...
compiling main.c...
main.c(34): warning:  #167-D: argument of type "char *" is incompatible with parameter of type "unsigned char *"
main.c(40): warning:  #167-D: argument of type "char *" is incompatible with parameter of type "unsigned char *"
main.c(105): warning:  #1-D: last line of file ends without a newline
linking...
Program Size: Code=5416 RO-data=92 RW-data=24 ZI-data=1256  
FromELF: creating hex file...
"spiProject21.axf" - 0 Error(s), 3 Warning(s).
Build target 'Target 1'
compiling lcddriver.c...
compiling main.c...
main.c(34): warning:  #167-D: argument of type "char *" is incompatible with parameter of type "unsigned char *"
main.c(40): warning:  #167-D: argument of type "char *" is incompatible with parameter of type "unsigned char *"
main.c(105): warning:  #1-D: last line of file ends without a newline
linking...
Program Size: Code=5428 RO-data=92 RW-data=24 ZI-data=1256  
FromELF: creating hex file...
"spiProject21.axf" - 0 Error(s), 3 Warning(s).
Build target 'Target 1'
compiling lcddriver.c...
compiling main.c...
main.c(34): warning:  #167-D: argument of type "char *" is incompatible with parameter of type "unsigned char *"
main.c(40): warning:  #167-D: argument of type "char *" is incompatible with parameter of type "unsigned char *"
main.c(121): warning:  #1-D: last line of file ends without a newline
linking...
Program Size: Code=5592 RO-data=92 RW-data=24 ZI-data=1256  
FromELF: creating hex file...
"spiProject21.axf" - 0 Error(s), 3 Warning(s).
Build target 'Target 1'
compiling lcddriver.c...
compiling main.c...
main.c(34): warning:  #167-D: argument of type "char *" is incompatible with parameter of type "unsigned char *"
main.c(40): warning:  #167-D: argument of type "char *" is incompatible with parameter of type "unsigned char *"
main.c(121): warning:  #1-D: last line of file ends without a newline
compiling spi0driver.c...
linking...
Program Size: Code=5608 RO-data=92 RW-data=24 ZI-data=1256  
FromELF: creating hex file...
"spiProject21.axf" - 0 Error(s), 3 Warning(s).
Build target 'Target 1'
compiling lcddriver.c...
compiling main.c...
main.c(34): warning:  #167-D: argument of type "char *" is incompatible with parameter of type "unsigned char *"
main.c(40): warning:  #167-D: argument of type "char *" is incompatible with parameter of type "unsigned char *"
main.c(121): warning:  #1-D: last line of file ends without a newline
linking...
Program Size: Code=5584 RO-data=92 RW-data=24 ZI-data=1256  
FromELF: creating hex file...
"spiProject21.axf" - 0 Error(s), 3 Warning(s).
